// Vitest Snapshot v1, https://vitest.dev/guide/snapshot.html

exports[`renders home page 1`] = `
<div>
  <div>
    <div
      class="headerDiv"
    >
      <header>
        <h1>
          My Store
        </h1>
        <a
          class="heading"
          href="/"
        >
          <div>
            Home
          </div>
        </a>
        <a
          class="heading"
          href="/cart"
        >
          <div
            class="cartContainer"
          >
            <span
              class="itemNumber"
            >
              0
            </span>
            <img
              class="shoppingCart"
              src="/src/assets/shoppingCart.png"
            />
          </div>
        </a>
      </header>
    </div>
    <div
      class="shopContainer"
    >
      <h1>
        Our Products
      </h1>
      <div
        class="productCard"
      >
        <div
          class="product"
        >
          <a
            href="/product"
          >
            <div
              class="card"
              id="1"
            >
              <img
                class="img"
                src="https://fakestoreapi.com/img/81fPKd-2AYL._AC_SL1500_.jpg"
              />
              <p>
                Fjallraven - Foldsack No. 1 Backpack, Fits 15 Laptops
              </p>
              <p>
                $
                109.95
              </p>
            </div>
          </a>
        </div>
        <div
          class="product"
        >
          <a
            href="/product"
          >
            <div
              class="card"
              id="2"
            >
              <img
                class="img"
                src="https://fakestoreapi.com/img/71-3HjGNDUL._AC_SY879._SX._UX._SY._UY_.jpg"
              />
              <p>
                Mens Casual Premium Slim Fit T-Shirts 
              </p>
              <p>
                $
                22.3
              </p>
            </div>
          </a>
        </div>
        <div
          class="product"
        >
          <a
            href="/product"
          >
            <div
              class="card"
              id="3"
            >
              <img
                class="img"
                src="https://fakestoreapi.com/img/71li-ujtlUL._AC_UX679_.jpg"
              />
              <p>
                Mens Cotton Jacket
              </p>
              <p>
                $
                55.99
              </p>
            </div>
          </a>
        </div>
        <div
          class="product"
        >
          <a
            href="/product"
          >
            <div
              class="card"
              id="4"
            >
              <img
                class="img"
                src="https://fakestoreapi.com/img/71YXzeOuslL._AC_UY879_.jpg"
              />
              <p>
                Mens Casual Slim Fit
              </p>
              <p>
                $
                15.99
              </p>
            </div>
          </a>
        </div>
        <div
          class="product"
        >
          <a
            href="/product"
          >
            <div
              class="card"
              id="5"
            >
              <img
                class="img"
                src="https://fakestoreapi.com/img/71pWzhdJNwL._AC_UL640_QL65_ML3_.jpg"
              />
              <p>
                John Hardy Women's Legends Naga Gold & Silver Dragon Station Chain Bracelet
              </p>
              <p>
                $
                695
              </p>
            </div>
          </a>
        </div>
        <div
          class="product"
        >
          <a
            href="/product"
          >
            <div
              class="card"
              id="6"
            >
              <img
                class="img"
                src="https://fakestoreapi.com/img/61sbMiUnoGL._AC_UL640_QL65_ML3_.jpg"
              />
              <p>
                Solid Gold Petite Micropave 
              </p>
              <p>
                $
                168
              </p>
            </div>
          </a>
        </div>
        <div
          class="product"
        >
          <a
            href="/product"
          >
            <div
              class="card"
              id="7"
            >
              <img
                class="img"
                src="https://fakestoreapi.com/img/71YAIFU48IL._AC_UL640_QL65_ML3_.jpg"
              />
              <p>
                White Gold Plated Princess
              </p>
              <p>
                $
                9.99
              </p>
            </div>
          </a>
        </div>
        <div
          class="product"
        >
          <a
            href="/product"
          >
            <div
              class="card"
              id="8"
            >
              <img
                class="img"
                src="https://fakestoreapi.com/img/51UDEzMJVpL._AC_UL640_QL65_ML3_.jpg"
              />
              <p>
                Pierced Owl Rose Gold Plated Stainless Steel Double
              </p>
              <p>
                $
                10.99
              </p>
            </div>
          </a>
        </div>
        <div
          class="product"
        >
          <a
            href="/product"
          >
            <div
              class="card"
              id="9"
            >
              <img
                class="img"
                src="https://fakestoreapi.com/img/61IBBVJvSDL._AC_SY879_.jpg"
              />
              <p>
                WD 2TB Elements Portable External Hard Drive - USB 3.0 
              </p>
              <p>
                $
                64
              </p>
            </div>
          </a>
        </div>
        <div
          class="product"
        >
          <a
            href="/product"
          >
            <div
              class="card"
              id="10"
            >
              <img
                class="img"
                src="https://fakestoreapi.com/img/61U7T1koQqL._AC_SX679_.jpg"
              />
              <p>
                SanDisk SSD PLUS 1TB Internal SSD - SATA III 6 Gb/s
              </p>
              <p>
                $
                109
              </p>
            </div>
          </a>
        </div>
        <div
          class="product"
        >
          <a
            href="/product"
          >
            <div
              class="card"
              id="11"
            >
              <img
                class="img"
                src="https://fakestoreapi.com/img/71kWymZ+c+L._AC_SX679_.jpg"
              />
              <p>
                Silicon Power 256GB SSD 3D NAND A55 SLC Cache Performance Boost SATA III 2.5
              </p>
              <p>
                $
                109
              </p>
            </div>
          </a>
        </div>
        <div
          class="product"
        >
          <a
            href="/product"
          >
            <div
              class="card"
              id="12"
            >
              <img
                class="img"
                src="https://fakestoreapi.com/img/61mtL65D4cL._AC_SX679_.jpg"
              />
              <p>
                WD 4TB Gaming Drive Works with Playstation 4 Portable External Hard Drive
              </p>
              <p>
                $
                114
              </p>
            </div>
          </a>
        </div>
      </div>
    </div>
  </div>
</div>
`;
